// Jest Snapshot v1, https://goo.gl/fbAQLP

exports[`Card JSX 1`] = `ShallowWrapper {}`;
